Release 14.2 - xst P.28xd (nt)
Copyright (c) 1995-2012 Xilinx, Inc.  All rights reserved.
--> Parameter TMPDIR set to xst/projnav.tmp


Total REAL time to Xst completion: 0.00 secs
Total CPU time to Xst completion: 0.13 secs
 
--> Parameter xsthdpdir set to xst


Total REAL time to Xst completion: 0.00 secs
Total CPU time to Xst completion: 0.13 secs
 
--> Reading design: UP.prj

TABLE OF CONTENTS
  1) Synthesis Options Summary
  2) HDL Parsing
  3) HDL Elaboration
  4) HDL Synthesis
       4.1) HDL Synthesis Report
  5) Advanced HDL Synthesis
       5.1) Advanced HDL Synthesis Report
  6) Low Level Synthesis
  7) Partition Report
  8) Design Summary
       8.1) Primitive and Black Box Usage
       8.2) Device utilization summary
       8.3) Partition Resource Summary
       8.4) Timing Report
            8.4.1) Clock Information
            8.4.2) Asynchronous Control Signals Information
            8.4.3) Timing Summary
            8.4.4) Timing Details
            8.4.5) Cross Clock Domains Report


=========================================================================
*                      Synthesis Options Summary                        *
=========================================================================
---- Source Parameters
Input File Name                    : "UP.prj"
Ignore Synthesis Constraint File   : NO

---- Target Parameters
Output File Name                   : "UP"
Output Format                      : NGC
Target Device                      : xc6slx16-3-csg324

---- Source Options
Top Module Name                    : UP
Automatic FSM Extraction           : YES
FSM Encoding Algorithm             : Auto
Safe Implementation                : No
FSM Style                          : LUT
RAM Extraction                     : Yes
RAM Style                          : Auto
ROM Extraction                     : Yes
Shift Register Extraction          : YES
ROM Style                          : Auto
Resource Sharing                   : YES
Asynchronous To Synchronous        : NO
Shift Register Minimum Size        : 2
Use DSP Block                      : Auto
Automatic Register Balancing       : No

---- Target Options
LUT Combining                      : Auto
Reduce Control Sets                : Auto
Add IO Buffers                     : YES
Global Maximum Fanout              : 100000
Add Generic Clock Buffer(BUFG)     : 16
Register Duplication               : YES
Optimize Instantiated Primitives   : NO
Use Clock Enable                   : Auto
Use Synchronous Set                : Auto
Use Synchronous Reset              : Auto
Pack IO Registers into IOBs        : Auto
Equivalent register Removal        : YES

---- General Options
Optimization Goal                  : Speed
Optimization Effort                : 1
Power Reduction                    : NO
Keep Hierarchy                     : No
Netlist Hierarchy                  : As_Optimized
RTL Output                         : Yes
Global Optimization                : AllClockNets
Read Cores                         : YES
Write Timing Constraints           : NO
Cross Clock Analysis               : NO
Hierarchy Separator                : /
Bus Delimiter                      : <>
Case Specifier                     : Maintain
Slice Utilization Ratio            : 100
BRAM Utilization Ratio             : 100
DSP48 Utilization Ratio            : 100
Auto BRAM Packing                  : NO
Slice Utilization Ratio Delta      : 5

=========================================================================


=========================================================================
*                          HDL Parsing                                  *
=========================================================================
Analyzing Verilog file "E:\DigitalLogicHomework\ExtendHomeworkSMG\extendhomeworkSMG\SMG.v" into library work
Parsing module <SMG>.
Analyzing Verilog file "E:\DigitalLogicHomework\ExtendHomeworkSMG\extendhomeworkSMG\UP.v" into library work
Parsing module <UP>.

=========================================================================
*                            HDL Elaboration                            *
=========================================================================

Elaborating module <UP>.

Elaborating module <SMG>.
WARNING:HDLCompiler:296 - "E:\DigitalLogicHomework\ExtendHomeworkSMG\extendhomeworkSMG\UP.v" Line 46: case condition never applies due to comparison with x or z
WARNING:HDLCompiler:296 - "E:\DigitalLogicHomework\ExtendHomeworkSMG\extendhomeworkSMG\UP.v" Line 47: case condition never applies due to comparison with x or z
WARNING:HDLCompiler:296 - "E:\DigitalLogicHomework\ExtendHomeworkSMG\extendhomeworkSMG\UP.v" Line 48: case condition never applies due to comparison with x or z
WARNING:HDLCompiler:296 - "E:\DigitalLogicHomework\ExtendHomeworkSMG\extendhomeworkSMG\UP.v" Line 66: case condition never applies due to comparison with x or z
WARNING:HDLCompiler:296 - "E:\DigitalLogicHomework\ExtendHomeworkSMG\extendhomeworkSMG\UP.v" Line 67: case condition never applies due to comparison with x or z
WARNING:HDLCompiler:296 - "E:\DigitalLogicHomework\ExtendHomeworkSMG\extendhomeworkSMG\UP.v" Line 68: case condition never applies due to comparison with x or z

=========================================================================
*                           HDL Synthesis                               *
=========================================================================

Synthesizing Unit <UP>.
    Related source file is "E:\DigitalLogicHomework\ExtendHomeworkSMG\extendhomeworkSMG\UP.v".
    Found 22-bit register for signal <count>.
    Found 16-bit register for signal <countflash>.
    Found 16-bit register for signal <data>.
    Found 2-bit register for signal <bitsel>.
    Found 22-bit adder for signal <count[21]_GND_1_o_add_0_OUT> created at line 41.
    Found 16-bit adder for signal <countflash[15]_GND_1_o_add_12_OUT> created at line 62.
    Found 16-bit adder for signal <data[15]_GND_1_o_add_14_OUT> created at line 70.
    Found 2-bit adder for signal <bitsel[1]_GND_1_o_add_20_OUT> created at line 76.
    Summary:
	inferred   4 Adder/Subtractor(s).
	inferred  56 D-type flip-flop(s).
	inferred   4 Multiplexer(s).
Unit <UP> synthesized.

Synthesizing Unit <SMG>.
    Related source file is "E:\DigitalLogicHomework\ExtendHomeworkSMG\extendhomeworkSMG\SMG.v".
    Found 4x4-bit Read Only RAM for signal <AN>
    Found 16x8-bit Read Only RAM for signal <Seg>
    Found 1-bit 4-to-1 multiplexer for signal <outdata<3>> created at line 38.
    Found 1-bit 4-to-1 multiplexer for signal <outdata<2>> created at line 38.
    Found 1-bit 4-to-1 multiplexer for signal <outdata<1>> created at line 38.
    Found 1-bit 4-to-1 multiplexer for signal <outdata<0>> created at line 38.
    Summary:
	inferred   2 RAM(s).
	inferred   4 Multiplexer(s).
Unit <SMG> synthesized.

=========================================================================
HDL Synthesis Report

Macro Statistics
# RAMs                                                 : 2
 16x8-bit single-port Read Only RAM                    : 1
 4x4-bit single-port Read Only RAM                     : 1
# Adders/Subtractors                                   : 4
 16-bit adder                                          : 2
 2-bit adder                                           : 1
 22-bit adder                                          : 1
# Registers                                            : 4
 16-bit register                                       : 2
 2-bit register                                        : 1
 22-bit register                                       : 1
# Multiplexers                                         : 8
 1-bit 4-to-1 multiplexer                              : 4
 16-bit 2-to-1 multiplexer                             : 2
 22-bit 2-to-1 multiplexer                             : 2

=========================================================================

=========================================================================
*                       Advanced HDL Synthesis                          *
=========================================================================


Synthesizing (advanced) Unit <SMG>.
INFO:Xst:3218 - HDL ADVISOR - The RAM <Mram_AN> will be implemented on LUTs either because you have described an asynchronous read or because of currently unsupported block RAM features. If you have described an asynchronous read, making it synchronous would allow you to take advantage of available block RAM resources, for optimized device usage and improved timings. Please refer to your documentation for coding guidelines.
    -----------------------------------------------------------------------
    | ram_type           | Distributed                         |          |
    -----------------------------------------------------------------------
    | Port A                                                              |
    |     aspect ratio   | 4-word x 4-bit                      |          |
    |     weA            | connected to signal <GND>           | high     |
    |     addrA          | connected to signal <bitsel>        |          |
    |     diA            | connected to signal <GND>           |          |
    |     doA            | connected to signal <AN>            |          |
    -----------------------------------------------------------------------
INFO:Xst:3218 - HDL ADVISOR - The RAM <Mram_Seg> will be implemented on LUTs either because you have described an asynchronous read or because of currently unsupported block RAM features. If you have described an asynchronous read, making it synchronous would allow you to take advantage of available block RAM resources, for optimized device usage and improved timings. Please refer to your documentation for coding guidelines.
    -----------------------------------------------------------------------
    | ram_type           | Distributed                         |          |
    -----------------------------------------------------------------------
    | Port A                                                              |
    |     aspect ratio   | 16-word x 8-bit                     |          |
    |     weA            | connected to signal <GND>           | high     |
    |     addrA          | connected to signal <outdata>       |          |
    |     diA            | connected to signal <GND>           |          |
    |     doA            | connected to signal <Seg>           |          |
    -----------------------------------------------------------------------
Unit <SMG> synthesized (advanced).

Synthesizing (advanced) Unit <UP>.
The following registers are absorbed into counter <countflash>: 1 register on signal <countflash>.
The following registers are absorbed into counter <data>: 1 register on signal <data>.
The following registers are absorbed into counter <bitsel>: 1 register on signal <bitsel>.
Unit <UP> synthesized (advanced).

=========================================================================
Advanced HDL Synthesis Report

Macro Statistics
# RAMs                                                 : 2
 16x8-bit single-port distributed Read Only RAM        : 1
 4x4-bit single-port distributed Read Only RAM         : 1
# Adders/Subtractors                                   : 1
 22-bit adder                                          : 1
# Counters                                             : 3
 16-bit up counter                                     : 2
 2-bit up counter                                      : 1
# Registers                                            : 22
 Flip-Flops                                            : 22
# Multiplexers                                         : 6
 1-bit 4-to-1 multiplexer                              : 4
 22-bit 2-to-1 multiplexer                             : 2

=========================================================================

=========================================================================
*                         Low Level Synthesis                           *
=========================================================================

Optimizing unit <UP> ...

Mapping all equations...
Building and optimizing final netlist ...
Found area constraint ratio of 100 (+ 5) on block UP, actual ratio is 1.

Final Macro Processing ...

=========================================================================
Final Register Report

Macro Statistics
# Registers                                            : 56
 Flip-Flops                                            : 56

=========================================================================

=========================================================================
*                           Partition Report                            *
=========================================================================

Partition Implementation Status
-------------------------------

  No Partitions were found in this design.

-------------------------------

=========================================================================
*                            Design Summary                             *
=========================================================================

Top Level Output File Name         : UP.ngc

Primitive and Black Box Usage:
------------------------------
# BELS                             : 245
#      GND                         : 1
#      INV                         : 4
#      LUT1                        : 51
#      LUT2                        : 21
#      LUT3                        : 1
#      LUT4                        : 32
#      LUT6                        : 29
#      MUXCY                       : 51
#      VCC                         : 1
#      XORCY                       : 54
# FlipFlops/Latches                : 56
#      FDC                         : 38
#      FDCE                        : 16
#      FDE                         : 2
# Clock Buffers                    : 1
#      BUFGP                       : 1
# IO Buffers                       : 14
#      IBUF                        : 2
#      OBUF                        : 12

Device utilization summary:
---------------------------

Selected Device : 6slx16csg324-3 


Slice Logic Utilization: 
 Number of Slice Registers:              56  out of  18224     0%  
 Number of Slice LUTs:                  138  out of   9112     1%  
    Number used as Logic:               138  out of   9112     1%  

Slice Logic Distribution: 
 Number of LUT Flip Flop pairs used:    138
   Number with an unused Flip Flop:      82  out of    138    59%  
   Number with an unused LUT:             0  out of    138     0%  
   Number of fully used LUT-FF pairs:    56  out of    138    40%  
   Number of unique control sets:         3

IO Utilization: 
 Number of IOs:                          15
 Number of bonded IOBs:                  15  out of    232     6%  

Specific Feature Utilization:
 Number of BUFG/BUFGCTRLs:                1  out of     16     6%  

---------------------------
Partition Resource Summary:
---------------------------

  No Partitions were found in this design.

---------------------------


=========================================================================
Timing Report

NOTE: THESE TIMING NUMBERS ARE ONLY A SYNTHESIS ESTIMATE.
      FOR ACCURATE TIMING INFORMATION PLEASE REFER TO THE TRACE REPORT
      GENERATED AFTER PLACE-and-ROUTE.

Clock Information:
------------------
-----------------------------------+------------------------+-------+
Clock Signal                       | Clock buffer(FF name)  | Load  |
-----------------------------------+------------------------+-------+
CLK                                | BUFGP                  | 56    |
-----------------------------------+------------------------+-------+

Asynchronous Control Signals Information:
----------------------------------------
No asynchronous control signals found in this design

Timing Summary:
---------------
Speed Grade: -3

   Minimum period: 4.364ns (Maximum Frequency: 229.150MHz)
   Minimum input arrival time before clock: 4.082ns
   Maximum output required time after clock: 6.244ns
   Maximum combinational path delay: No path found

Timing Details:
---------------
All values displayed in nanoseconds (ns)

=========================================================================
Timing constraint: Default period analysis for Clock 'CLK'
  Clock period: 4.364ns (frequency: 229.150MHz)
  Total number of paths / destination ports: 1946 / 74
-------------------------------------------------------------------------
Delay:               4.364ns (Levels of Logic = 3)
  Source:            count_5 (FF)
  Destination:       count_0 (FF)
  Source Clock:      CLK rising
  Destination Clock: CLK rising

  Data Path: count_5 to count_0
                                Gate     Net
    Cell:in->out      fanout   Delay   Delay  Logical Name (Net Name)
    ----------------------------------------  ------------
     FDC:C->Q              3   0.447   1.015  count_5 (count_5)
     LUT6:I0->O           18   0.203   1.278  count[21]_PWR_1_o_equal_14_o<21>4 (count[21]_PWR_1_o_equal_14_o<21>3)
     LUT4:I1->O           12   0.205   0.909  count[21]_PWR_1_o_equal_14_o<21>5 (count[21]_PWR_1_o_equal_14_o)
     LUT4:I3->O            1   0.205   0.000  count_21_rstpot (count_21_rstpot)
     FDC:D                     0.102          count_21
    ----------------------------------------
    Total                      4.364ns (1.162ns logic, 3.202ns route)
                                       (26.6% logic, 73.4% route)

=========================================================================
Timing constraint: Default OFFSET IN BEFORE for Clock 'CLK'
  Total number of paths / destination ports: 78 / 78
-------------------------------------------------------------------------
Offset:              4.082ns (Levels of Logic = 2)
  Source:            CLR (PAD)
  Destination:       data_0 (FF)
  Destination Clock: CLK rising

  Data Path: CLR to data_0
                                Gate     Net
    Cell:in->out      fanout   Delay   Delay  Logical Name (Net Name)
    ----------------------------------------  ------------
     IBUF:I->O             3   1.222   0.650  CLR_IBUF (CLR_IBUF)
     INV:I->O             54   0.206   1.573  CLR_inv1_INV_0 (CLR_inv)
     FDCE:CLR                  0.430          data_0
    ----------------------------------------
    Total                      4.082ns (1.858ns logic, 2.224ns route)
                                       (45.5% logic, 54.5% route)

=========================================================================
Timing constraint: Default OFFSET OUT AFTER for Clock 'CLK'
  Total number of paths / destination ports: 176 / 11
-------------------------------------------------------------------------
Offset:              6.244ns (Levels of Logic = 3)
  Source:            bitsel_0 (FF)
  Destination:       seg<7> (PAD)
  Source Clock:      CLK rising

  Data Path: bitsel_0 to seg<7>
                                Gate     Net
    Cell:in->out      fanout   Delay   Delay  Logical Name (Net Name)
    ----------------------------------------  ------------
     FDE:C->Q             10   0.447   1.221  bitsel_0 (bitsel_0)
     LUT6:I0->O            7   0.203   1.021  SMG1/Mmux_outdata<0>11 (SMG1/outdata<0>)
     LUT4:I0->O            1   0.203   0.579  SMG1/Mram_Seg31 (seg_3_OBUF)
     OBUF:I->O                 2.571          seg_3_OBUF (seg<3>)
    ----------------------------------------
    Total                      6.244ns (3.424ns logic, 2.820ns route)
                                       (54.8% logic, 45.2% route)

=========================================================================

Cross Clock Domains Report:
--------------------------

Clock to Setup on destination clock CLK
---------------+---------+---------+---------+---------+
               | Src:Rise| Src:Fall| Src:Rise| Src:Fall|
Source Clock   |Dest:Rise|Dest:Rise|Dest:Fall|Dest:Fall|
---------------+---------+---------+---------+---------+
CLK            |    4.364|         |         |         |
---------------+---------+---------+---------+---------+

=========================================================================


Total REAL time to Xst completion: 5.00 secs
Total CPU time to Xst completion: 4.80 secs
 
--> 

Total memory usage is 182836 kilobytes

Number of errors   :    0 (   0 filtered)
Number of warnings :    6 (   0 filtered)
Number of infos    :    2 (   0 filtered)

