--------------------------------------------------------------------------------
Release 14.2 Trace  (nt)
Copyright (c) 1995-2012 Xilinx, Inc.  All rights reserved.

D:\Xilinx\14.2\ISE_DS\ISE\bin\nt\unwrapped\trce.exe -intstyle ise -v 3 -s 3 -n
3 -fastpaths -xml basichomework14.twx basichomework14.ncd -o
basichomework14.twr basichomework14.pcf -ucf basichomework14.ucf

Design file:              basichomework14.ncd
Physical constraint file: basichomework14.pcf
Device,package,speed:     xc6slx16,csg324,C,-3 (PRODUCTION 1.22 2012-07-09)
Report level:             verbose report

Environment Variable      Effect 
--------------------      ------ 
NONE                      No environment variables were set
--------------------------------------------------------------------------------

INFO:Timing:2698 - No timing constraints found, doing default enumeration.
INFO:Timing:3412 - To improve timing, see the Timing Closure User Guide (UG612).
INFO:Timing:2752 - To get complete path coverage, use the unconstrained paths 
   option. All paths that are not constrained will be reported in the 
   unconstrained paths section(s) of the report.
INFO:Timing:3339 - The clock-to-out numbers in this timing report are based on 
   a 50 Ohm transmission line loading model.  For the details of this model, 
   and for more information on accounting for different loading conditions, 
   please see the device datasheet.



Data Sheet report:
-----------------
All values displayed in nanoseconds (ns)

Setup/Hold to clock CLK
------------+------------+------------+------------+------------+------------------+--------+
            |Max Setup to|  Process   |Max Hold to |  Process   |                  | Clock  |
Source      | clk (edge) |   Corner   | clk (edge) |   Corner   |Internal Clock(s) | Phase  |
------------+------------+------------+------------+------------+------------------+--------+
CLR         |    2.577(R)|      SLOW  |   -0.568(R)|      SLOW  |CLK_IBUF_BUFG     |   0.000|
D<0>        |    1.201(R)|      FAST  |   -0.558(R)|      SLOW  |CLK_IBUF_BUFG     |   0.000|
D<1>        |    1.026(R)|      FAST  |   -0.337(R)|      SLOW  |CLK_IBUF_BUFG     |   0.000|
D<2>        |    0.728(R)|      FAST  |    0.020(R)|      SLOW  |CLK_IBUF_BUFG     |   0.000|
D<3>        |    0.639(R)|      FAST  |    0.120(R)|      SLOW  |CLK_IBUF_BUFG     |   0.000|
OE          |    0.683(R)|      FAST  |    0.004(R)|      SLOW  |CLK_IBUF_BUFG     |   0.000|
------------+------------+------------+------------+------------+------------------+--------+

Clock CLK to Pad
------------+-----------------+------------+-----------------+------------+------------------+--------+
            |Max (slowest) clk|  Process   |Min (fastest) clk|  Process   |                  | Clock  |
Destination |  (edge) to PAD  |   Corner   |  (edge) to PAD  |   Corner   |Internal Clock(s) | Phase  |
------------+-----------------+------------+-----------------+------------+------------------+--------+
QN<0>       |         8.218(R)|      SLOW  |         4.023(R)|      FAST  |CLK_IBUF_BUFG     |   0.000|
QN<1>       |         8.218(R)|      SLOW  |         3.941(R)|      FAST  |CLK_IBUF_BUFG     |   0.000|
QN<2>       |         8.185(R)|      SLOW  |         3.980(R)|      FAST  |CLK_IBUF_BUFG     |   0.000|
QN<3>       |         8.185(R)|      SLOW  |         3.980(R)|      FAST  |CLK_IBUF_BUFG     |   0.000|
------------+-----------------+------------+-----------------+------------+------------------+--------+

Clock to Setup on destination clock CLK
---------------+---------+---------+---------+---------+
               | Src:Rise| Src:Fall| Src:Rise| Src:Fall|
Source Clock   |Dest:Rise|Dest:Rise|Dest:Fall|Dest:Fall|
---------------+---------+---------+---------+---------+
CLK            |    4.439|    4.439|         |         |
---------------+---------+---------+---------+---------+


Analysis completed Tue Dec 08 10:11:45 2015 
--------------------------------------------------------------------------------

Trace Settings:
-------------------------
Trace Settings 

Peak Memory Usage: 162 MB



